******************************************************************************
            TI ARM Clang Linker Unix v4.0.4                    
******************************************************************************
>> Linked Thu May 14 12:23:34 2026

OUTPUT FILE NAME:   <Final_Project.out>
ENTRY POINT SYMBOL: "_c_int00_noargs"  address: 00000801


MEMORY CONFIGURATION

         name            origin    length      used     unused   attr    fill
----------------------  --------  ---------  --------  --------  ----  --------
  FLASH                 00000000   00020000  000008f0  0001f710  R  X
  SRAM                  20200000   00008000  00000231  00007dcf  RW X
  BCR_CONFIG            41c00000   00000080  00000000  00000080  R   
  BSL_CONFIG            41c00100   00000080  00000000  00000080  R   


SEGMENT ALLOCATION MAP

run origin  load origin   length   init length attrs members
----------  ----------- ---------- ----------- ----- -------
00000000    00000000    000008f0   000008f0    r-x
  00000000    00000000    000000c0   000000c0    r-- .intvecs
  000000c0    000000c0    000007e8   000007e8    r-x .text
  000008a8    000008a8    00000010   00000010    r-- .rodata
  000008b8    000008b8    00000038   00000038    r-- .cinit
20200000    20200000    00000031   00000000    rw-
  20200000    20200000    00000020   00000000    rw- .bss
  20200020    20200020    00000011   00000000    rw- .data
20207e00    20207e00    00000200   00000000    rw-
  20207e00    20207e00    00000200   00000000    rw- .stack


SECTION ALLOCATION MAP

 output                                  attributes/
section   page    origin      length       input sections
--------  ----  ----------  ----------   ----------------
.intvecs   0    00000000    000000c0     
                  00000000    000000c0     startup_mspm0g350x_ticlang.o (.intvecs)

.text      0    000000c0    000007e8     
                  000000c0    0000019c     phased_pwm.o (.text.PhaseArray_Init)
                  0000025c    000000ec     phased_pwm.o (.text.PhaseArray_SetAllPhases)
                  00000348    000000d8     libclang_rt.builtins.a : addsf3.S.obj (.text)
                  00000420    0000008c                            : mulsf3.S.obj (.text.__mulsf3)
                  000004ac    00000082                            : divsf3.S.obj (.text.__divsf3)
                  0000052e    00000002     startup_mspm0g350x_ticlang.o (.text.Default_Handler)
                  00000530    0000007c     libc.a : copy_decompress_lzss.c.obj (.text:decompress:lzss)
                  000005ac    00000062     libclang_rt.builtins.a : aeabi_fcmp.S.obj (.text.__aeabi_fcmp)
                  0000060e    00000002                            : aeabi_div0.c.obj (.text.__aeabi_idiv0)
                  00000610    00000054     phased_pwm.o (.text.TIMA0_IRQHandler)
                  00000664    00000040     libclang_rt.builtins.a : aeabi_uidivmod.S.obj (.text.__aeabi_uidivmod)
                  000006a4    0000003c                            : comparesf2.S.obj (.text.__gtsf2)
                  000006e0    0000003c     libc.a : autoinit.c.obj (.text:__TI_auto_init_nobinit_nopinit)
                  0000071c    0000003a     libclang_rt.builtins.a : comparesf2.S.obj (.text.__eqsf2)
                  00000756    00000002     --HOLE-- [fill = 0]
                  00000758    0000003a                            : muldsi3.S.obj (.text.__muldsi3)
                  00000792    00000002     --HOLE-- [fill = 0]
                  00000794    00000038                            : fixsfsi.S.obj (.text.__fixsfsi)
                  000007cc    00000032                            : fixunssfsi.S.obj (.text.__fixunssfsi)
                  000007fe    00000002     --HOLE-- [fill = 0]
                  00000800    00000028     libc.a : boot_cortex_m.c.obj (.text:_c_int00_noargs)
                  00000828    00000020     phased_pwm.o (.text.main)
                  00000848    00000016     libc.a : copy_zero_init.c.obj (.text:decompress:ZI:__TI_zero_init_nomemset)
                  0000085e    00000012            : memcpy16.S.obj (.text:TI_memcpy_small)
                  00000870    00000012            : copy_decompress_none.c.obj (.text:decompress:none)
                  00000882    0000000a     delay.o (.text.delay_cycles)
                  0000088c    00000008     libclang_rt.builtins.a : aeabi_memcpy.S.obj (.text.__aeabi_memcpy)
                  00000894    00000006     libc.a : exit.c.obj (.text:abort)
                  0000089a    00000004     libsysbm.a : hostexit.c.obj (.text.HOSTexit)
                  0000089e    00000004     startup_mspm0g350x_ticlang.o (.text.Reset_Handler)
                  000008a2    00000004     libc.a : pre_init.c.obj (.text._system_pre_init)
                  000008a6    00000002     --HOLE-- [fill = 0]

.cinit     0    000008b8    00000038     
                  000008b8    00000013     (.cinit..data.load) [load image, compression = lzss]
                  000008cb    00000001     --HOLE-- [fill = 0]
                  000008cc    0000000c     (__TI_handler_table)
                  000008d8    00000008     (.cinit..bss.load) [load image, compression = zero_init]
                  000008e0    00000010     (__TI_cinit_table)

.rodata    0    000008a8    00000010     
                  000008a8    00000010     phased_pwm.o (.rodata.cst16)

.init_array 
*          0    00000000    00000000     UNINITIALIZED

.binit     0    00000000    00000000     

.bss       0    20200000    00000020     UNINITIALIZED
                  20200000    00000020     phased_pwm.o (.bss.g_ccr_table)

.data      0    20200020    00000011     UNINITIALIZED
                  20200020    00000010     phased_pwm.o (.data.g_phase_deg)
                  20200030    00000001     phased_pwm.o (.data.g_duty_pct)

.stack     0    20207e00    00000200     UNINITIALIZED
                  20207e00    00000004     libc.a : boot_cortex_m.c.obj (.stack)
                  20207e04    000001fc     --HOLE--

__llvm_prf_cnts 
*          0    20200000    00000000     UNINITIALIZED

__llvm_prf_bits 
*          0    20200000    00000000     UNINITIALIZED

MODULE SUMMARY

       Module                         code   ro data   rw data
       ------                         ----   -------   -------
    ./
       phased_pwm.o                   764    16        49     
       startup_mspm0g350x_ticlang.o   6      192       0      
       delay.o                        10     0         0      
    +--+------------------------------+------+---------+---------+
       Total:                         780    208       49     
                                                              
    /Applications/ti/ccs2040/ccs/tools/compiler/ti-cgt-armllvm_4.0.4.LTS/lib/armv6m-ti-none-eabi/c/libc.a
       copy_decompress_lzss.c.obj     124    0         0      
       autoinit.c.obj                 60     0         0      
       boot_cortex_m.c.obj            40     0         0      
       copy_zero_init.c.obj           22     0         0      
       copy_decompress_none.c.obj     18     0         0      
       memcpy16.S.obj                 18     0         0      
       exit.c.obj                     6      0         0      
       pre_init.c.obj                 4      0         0      
    +--+------------------------------+------+---------+---------+
       Total:                         292    0         0      
                                                              
    /Applications/ti/ccs2040/ccs/tools/compiler/ti-cgt-armllvm_4.0.4.LTS/lib/armv6m-ti-none-eabi/c/libsysbm.a
       hostexit.c.obj                 4      0         0      
    +--+------------------------------+------+---------+---------+
       Total:                         4      0         0      
                                                              
    /Applications/ti/ccs2040/ccs/tools/compiler/ti-cgt-armllvm_4.0.4.LTS/lib/armv6m-ti-none-eabi/libclang_rt.builtins.a
       addsf3.S.obj                   216    0         0      
       mulsf3.S.obj                   140    0         0      
       divsf3.S.obj                   130    0         0      
       comparesf2.S.obj               118    0         0      
       aeabi_fcmp.S.obj               98     0         0      
       aeabi_uidivmod.S.obj           64     0         0      
       muldsi3.S.obj                  58     0         0      
       fixsfsi.S.obj                  56     0         0      
       fixunssfsi.S.obj               50     0         0      
       aeabi_memcpy.S.obj             8      0         0      
       aeabi_div0.c.obj               2      0         0      
    +--+------------------------------+------+---------+---------+
       Total:                         940    0         0      
                                                              
       Stack:                         0      0         512    
       Linker Generated:              0      55        0      
    +--+------------------------------+------+---------+---------+
       Grand Total:                   2016   263       561    


LINKER GENERATED COPY TABLES

__TI_cinit_table @ 000008e0 records: 2, size/record: 8, table size: 16
	.data: load addr=000008b8, load size=00000013 bytes, run addr=20200020, run size=00000011 bytes, compression=lzss
	.bss: load addr=000008d8, load size=00000008 bytes, run addr=20200000, run size=00000020 bytes, compression=zero_init


LINKER GENERATED HANDLER TABLE

__TI_handler_table @ 000008cc records: 3, size/record: 4, table size: 12
	index: 0, handler: __TI_decompress_lzss
	index: 1, handler: __TI_decompress_none
	index: 2, handler: __TI_zero_init


GLOBAL SYMBOLS: SORTED ALPHABETICALLY BY Name 

address   name                          
-------   ----                          
0000052f  ADC0_IRQHandler               
0000052f  ADC1_IRQHandler               
0000052f  AES_IRQHandler                
0000089a  C$$EXIT                       
0000052f  CANFD0_IRQHandler             
0000052f  DAC0_IRQHandler               
0000052f  DMA_IRQHandler                
0000052f  Default_Handler               
0000052f  GROUP0_IRQHandler             
0000052f  GROUP1_IRQHandler             
0000089b  HOSTexit                      
0000052f  HardFault_Handler             
0000052f  I2C0_IRQHandler               
0000052f  I2C1_IRQHandler               
0000052f  NMI_Handler                   
0000052f  PendSV_Handler                
000000c1  PhaseArray_Init               
0000025d  PhaseArray_SetAllPhases       
0000052f  RTC_IRQHandler                
0000089f  Reset_Handler                 
0000052f  SPI0_IRQHandler               
0000052f  SPI1_IRQHandler               
0000052f  SVC_Handler                   
0000052f  SysTick_Handler               
00000611  TIMA0_IRQHandler              
0000052f  TIMA1_IRQHandler              
0000052f  TIMG0_IRQHandler              
0000052f  TIMG12_IRQHandler             
0000052f  TIMG6_IRQHandler              
0000052f  TIMG7_IRQHandler              
0000052f  TIMG8_IRQHandler              
0000085f  TI_memcpy_small               
0000052f  UART0_IRQHandler              
0000052f  UART1_IRQHandler              
0000052f  UART2_IRQHandler              
0000052f  UART3_IRQHandler              
20208000  __STACK_END                   
00000200  __STACK_SIZE                  
00000000  __TI_ATRegion0_region_sz      
00000000  __TI_ATRegion0_src_addr       
00000000  __TI_ATRegion0_trg_addr       
00000000  __TI_ATRegion1_region_sz      
00000000  __TI_ATRegion1_src_addr       
00000000  __TI_ATRegion1_trg_addr       
00000000  __TI_ATRegion2_region_sz      
00000000  __TI_ATRegion2_src_addr       
00000000  __TI_ATRegion2_trg_addr       
000008e0  __TI_CINIT_Base               
000008f0  __TI_CINIT_Limit              
000008f0  __TI_CINIT_Warm               
000008cc  __TI_Handler_Table_Base       
000008d8  __TI_Handler_Table_Limit      
000006e1  __TI_auto_init_nobinit_nopinit
00000531  __TI_decompress_lzss          
00000871  __TI_decompress_none          
ffffffff  __TI_pprof_out_hndl           
ffffffff  __TI_prof_data_size           
ffffffff  __TI_prof_data_start          
00000000  __TI_static_base__            
00000849  __TI_zero_init_nomemset       
00000353  __addsf3                      
00000795  __aeabi_f2iz                  
000007cd  __aeabi_f2uiz                 
00000353  __aeabi_fadd                  
000005ad  __aeabi_fcmpeq                
000005e9  __aeabi_fcmpge                
000005fd  __aeabi_fcmpgt                
000005d5  __aeabi_fcmple                
000005c1  __aeabi_fcmplt                
000004ad  __aeabi_fdiv                  
00000421  __aeabi_fmul                  
00000349  __aeabi_fsub                  
0000060f  __aeabi_idiv0                 
0000088d  __aeabi_memcpy                
0000088d  __aeabi_memcpy4               
0000088d  __aeabi_memcpy8               
00000665  __aeabi_uidiv                 
00000665  __aeabi_uidivmod              
ffffffff  __binit__                     
0000071d  __cmpsf2                      
000004ad  __divsf3                      
0000071d  __eqsf2                       
00000795  __fixsfsi                     
000007cd  __fixunssfsi                  
000006a5  __gesf2                       
000006a5  __gtsf2                       
0000071d  __lesf2                       
0000071d  __ltsf2                       
UNDEFED   __mpu_init                    
00000759  __muldsi3                     
00000421  __mulsf3                      
0000071d  __nesf2                       
20207e00  __stack                       
20200000  __start___llvm_prf_bits       
20200000  __start___llvm_prf_cnts       
20200000  __stop___llvm_prf_bits        
20200000  __stop___llvm_prf_cnts        
00000349  __subsf3                      
00000801  _c_int00_noargs               
UNDEFED   _system_post_cinit            
000008a3  _system_pre_init              
00000895  abort                         
ffffffff  binit                         
00000883  delay_cycles                  
00000000  interruptVectors              
00000829  main                          


GLOBAL SYMBOLS: SORTED BY Symbol Address 

address   name                          
-------   ----                          
00000000  __TI_ATRegion0_region_sz      
00000000  __TI_ATRegion0_src_addr       
00000000  __TI_ATRegion0_trg_addr       
00000000  __TI_ATRegion1_region_sz      
00000000  __TI_ATRegion1_src_addr       
00000000  __TI_ATRegion1_trg_addr       
00000000  __TI_ATRegion2_region_sz      
00000000  __TI_ATRegion2_src_addr       
00000000  __TI_ATRegion2_trg_addr       
00000000  __TI_static_base__            
00000000  interruptVectors              
000000c1  PhaseArray_Init               
00000200  __STACK_SIZE                  
0000025d  PhaseArray_SetAllPhases       
00000349  __aeabi_fsub                  
00000349  __subsf3                      
00000353  __addsf3                      
00000353  __aeabi_fadd                  
00000421  __aeabi_fmul                  
00000421  __mulsf3                      
000004ad  __aeabi_fdiv                  
000004ad  __divsf3                      
0000052f  ADC0_IRQHandler               
0000052f  ADC1_IRQHandler               
0000052f  AES_IRQHandler                
0000052f  CANFD0_IRQHandler             
0000052f  DAC0_IRQHandler               
0000052f  DMA_IRQHandler                
0000052f  Default_Handler               
0000052f  GROUP0_IRQHandler             
0000052f  GROUP1_IRQHandler             
0000052f  HardFault_Handler             
0000052f  I2C0_IRQHandler               
0000052f  I2C1_IRQHandler               
0000052f  NMI_Handler                   
0000052f  PendSV_Handler                
0000052f  RTC_IRQHandler                
0000052f  SPI0_IRQHandler               
0000052f  SPI1_IRQHandler               
0000052f  SVC_Handler                   
0000052f  SysTick_Handler               
0000052f  TIMA1_IRQHandler              
0000052f  TIMG0_IRQHandler              
0000052f  TIMG12_IRQHandler             
0000052f  TIMG6_IRQHandler              
0000052f  TIMG7_IRQHandler              
0000052f  TIMG8_IRQHandler              
0000052f  UART0_IRQHandler              
0000052f  UART1_IRQHandler              
0000052f  UART2_IRQHandler              
0000052f  UART3_IRQHandler              
00000531  __TI_decompress_lzss          
000005ad  __aeabi_fcmpeq                
000005c1  __aeabi_fcmplt                
000005d5  __aeabi_fcmple                
000005e9  __aeabi_fcmpge                
000005fd  __aeabi_fcmpgt                
0000060f  __aeabi_idiv0                 
00000611  TIMA0_IRQHandler              
00000665  __aeabi_uidiv                 
00000665  __aeabi_uidivmod              
000006a5  __gesf2                       
000006a5  __gtsf2                       
000006e1  __TI_auto_init_nobinit_nopinit
0000071d  __cmpsf2                      
0000071d  __eqsf2                       
0000071d  __lesf2                       
0000071d  __ltsf2                       
0000071d  __nesf2                       
00000759  __muldsi3                     
00000795  __aeabi_f2iz                  
00000795  __fixsfsi                     
000007cd  __aeabi_f2uiz                 
000007cd  __fixunssfsi                  
00000801  _c_int00_noargs               
00000829  main                          
00000849  __TI_zero_init_nomemset       
0000085f  TI_memcpy_small               
00000871  __TI_decompress_none          
00000883  delay_cycles                  
0000088d  __aeabi_memcpy                
0000088d  __aeabi_memcpy4               
0000088d  __aeabi_memcpy8               
00000895  abort                         
0000089a  C$$EXIT                       
0000089b  HOSTexit                      
0000089f  Reset_Handler                 
000008a3  _system_pre_init              
000008cc  __TI_Handler_Table_Base       
000008d8  __TI_Handler_Table_Limit      
000008e0  __TI_CINIT_Base               
000008f0  __TI_CINIT_Limit              
000008f0  __TI_CINIT_Warm               
20200000  __start___llvm_prf_bits       
20200000  __start___llvm_prf_cnts       
20200000  __stop___llvm_prf_bits        
20200000  __stop___llvm_prf_cnts        
20207e00  __stack                       
20208000  __STACK_END                   
ffffffff  __TI_pprof_out_hndl           
ffffffff  __TI_prof_data_size           
ffffffff  __TI_prof_data_start          
ffffffff  __binit__                     
ffffffff  binit                         
UNDEFED   __mpu_init                    
UNDEFED   _system_post_cinit            

[106 symbols]
