******************************************************************************
            TI ARM Clang Linker Unix v4.0.4                    
******************************************************************************
>> Linked Tue Feb 24 22:32:45 2026

OUTPUT FILE NAME:   <Lab1 - kathryn files.out>
ENTRY POINT SYMBOL: "_c_int00_noargs"  address: 00000249


MEMORY CONFIGURATION

         name            origin    length      used     unused   attr    fill
----------------------  --------  ---------  --------  --------  ----  --------
  FLASH                 00000000   00020000  00000308  0001fcf8  R  X
  SRAM                  20200000   00008000  00000264  00007d9c  RW X
  BCR_CONFIG            41c00000   00000080  00000000  00000080  R   
  BSL_CONFIG            41c00100   00000080  00000000  00000080  R   


SEGMENT ALLOCATION MAP

run origin  load origin   length   init length attrs members
----------  ----------- ---------- ----------- ----- -------
00000000    00000000    00000308   00000308    r-x
  00000000    00000000    000000c0   000000c0    r-- .intvecs
  000000c0    000000c0    00000208   00000208    r-x .text
  000002c8    000002c8    00000040   00000040    r-- .cinit
20200000    20200000    00000064   00000000    rw-
  20200000    20200000    00000064   00000000    rw- .data
20207e00    20207e00    00000200   00000000    rw-
  20207e00    20207e00    00000200   00000000    rw- .stack


SECTION ALLOCATION MAP

 output                                  attributes/
section   page    origin      length       input sections
--------  ----  ----------  ----------   ----------------
.intvecs   0    00000000    000000c0     
                  00000000    000000c0     startup_mspm0g350x_ticlang.o (.intvecs)

.text      0    000000c0    00000208     
                  000000c0    0000007c     libc.a : copy_decompress_lzss.c.obj (.text:decompress:lzss)
                  0000013c    00000070     initialize_leds.o (.text.InitializeGPIO)
                  000001ac    0000003c     libc.a : autoinit.c.obj (.text:__TI_auto_init_nobinit_nopinit)
                  000001e8    00000034     state_machine_logic.o (.text.GetStateOutputGPIOA)
                  0000021c    0000002c     lab1.o (.text.main)
                  00000248    00000028     libc.a : boot_cortex_m.c.obj (.text:_c_int00_noargs)
                  00000270    00000012            : memcpy16.S.obj (.text:TI_memcpy_small)
                  00000282    00000012            : copy_decompress_none.c.obj (.text:decompress:none)
                  00000294    0000000c     state_machine_logic.o (.text.GetNextState)
                  000002a0    0000000a     delay.o (.text.delay_cycles)
                  000002aa    00000002     startup_mspm0g350x_ticlang.o (.text.Default_Handler)
                  000002ac    00000008     libclang_rt.builtins.a : aeabi_memcpy.S.obj (.text.__aeabi_memcpy)
                  000002b4    00000006     libc.a : exit.c.obj (.text:abort)
                  000002ba    00000004     libsysbm.a : hostexit.c.obj (.text.HOSTexit)
                  000002be    00000004     startup_mspm0g350x_ticlang.o (.text.Reset_Handler)
                  000002c2    00000004     libc.a : pre_init.c.obj (.text._system_pre_init)
                  000002c6    00000002     --HOLE-- [fill = 0]

.cinit     0    000002c8    00000040     
                  000002c8    0000002b     (.cinit..data.load) [load image, compression = lzss]
                  000002f3    00000001     --HOLE-- [fill = 0]
                  000002f4    00000008     (__TI_handler_table)
                  000002fc    00000008     (__TI_cinit_table)
                  00000304    00000004     --HOLE-- [fill = 0]

.init_array 
*          0    00000000    00000000     UNINITIALIZED

.binit     0    00000000    00000000     

.data      0    20200000    00000064     UNINITIALIZED
                  20200000    00000030     state_machine_logic.o (.data.inner_leds)
                  20200030    00000030     state_machine_logic.o (.data.outer_leds)
                  20200060    00000004     state_machine_logic.o (.data.outer_index)

.stack     0    20207e00    00000200     UNINITIALIZED
                  20207e00    00000004     libc.a : boot_cortex_m.c.obj (.stack)
                  20207e04    000001fc     --HOLE--

__llvm_prf_cnts 
*          0    20200000    00000000     UNINITIALIZED

__llvm_prf_bits 
*          0    20200000    00000000     UNINITIALIZED

MODULE SUMMARY

       Module                         code   ro data   rw data
       ------                         ----   -------   -------
    ./
       startup_mspm0g350x_ticlang.o   6      192       0      
       state_machine_logic.o          64     0         100    
       initialize_leds.o              112    0         0      
       lab1.o                         44     0         0      
       delay.o                        10     0         0      
    +--+------------------------------+------+---------+---------+
       Total:                         236    192       100    
                                                              
    /Applications/ti/ccs2040/ccs/tools/compiler/ti-cgt-armllvm_4.0.4.LTS/lib/armv6m-ti-none-eabi/c/libc.a
       copy_decompress_lzss.c.obj     124    0         0      
       autoinit.c.obj                 60     0         0      
       boot_cortex_m.c.obj            40     0         0      
       copy_decompress_none.c.obj     18     0         0      
       memcpy16.S.obj                 18     0         0      
       exit.c.obj                     6      0         0      
       pre_init.c.obj                 4      0         0      
    +--+------------------------------+------+---------+---------+
       Total:                         270    0         0      
                                                              
    /Applications/ti/ccs2040/ccs/tools/compiler/ti-cgt-armllvm_4.0.4.LTS/lib/armv6m-ti-none-eabi/c/libsysbm.a
       hostexit.c.obj                 4      0         0      
    +--+------------------------------+------+---------+---------+
       Total:                         4      0         0      
                                                              
    /Applications/ti/ccs2040/ccs/tools/compiler/ti-cgt-armllvm_4.0.4.LTS/lib/armv6m-ti-none-eabi/libclang_rt.builtins.a
       aeabi_memcpy.S.obj             8      0         0      
    +--+------------------------------+------+---------+---------+
       Total:                         8      0         0      
                                                              
       Stack:                         0      0         512    
       Linker Generated:              0      59        0      
    +--+------------------------------+------+---------+---------+
       Grand Total:                   518    251       612    


LINKER GENERATED COPY TABLES

__TI_cinit_table @ 000002fc records: 1, size/record: 8, table size: 8
	.data: load addr=000002c8, load size=0000002b bytes, run addr=20200000, run size=00000064 bytes, compression=lzss


LINKER GENERATED HANDLER TABLE

__TI_handler_table @ 000002f4 records: 2, size/record: 4, table size: 8
	index: 0, handler: __TI_decompress_lzss
	index: 1, handler: __TI_decompress_none


GLOBAL SYMBOLS: SORTED ALPHABETICALLY BY Name 

address   name                          
-------   ----                          
000002ab  ADC0_IRQHandler               
000002ab  ADC1_IRQHandler               
000002ab  AES_IRQHandler                
000002ba  C$$EXIT                       
000002ab  CANFD0_IRQHandler             
000002ab  DAC0_IRQHandler               
000002ab  DMA_IRQHandler                
000002ab  Default_Handler               
000002ab  GROUP0_IRQHandler             
000002ab  GROUP1_IRQHandler             
00000295  GetNextState                  
000001e9  GetStateOutputGPIOA           
000002bb  HOSTexit                      
000002ab  HardFault_Handler             
000002ab  I2C0_IRQHandler               
000002ab  I2C1_IRQHandler               
0000013d  InitializeGPIO                
000002ab  NMI_Handler                   
000002ab  PendSV_Handler                
000002ab  RTC_IRQHandler                
000002bf  Reset_Handler                 
000002ab  SPI0_IRQHandler               
000002ab  SPI1_IRQHandler               
000002ab  SVC_Handler                   
000002ab  SysTick_Handler               
000002ab  TIMA0_IRQHandler              
000002ab  TIMA1_IRQHandler              
000002ab  TIMG0_IRQHandler              
000002ab  TIMG12_IRQHandler             
000002ab  TIMG6_IRQHandler              
000002ab  TIMG7_IRQHandler              
000002ab  TIMG8_IRQHandler              
00000271  TI_memcpy_small               
000002ab  UART0_IRQHandler              
000002ab  UART1_IRQHandler              
000002ab  UART2_IRQHandler              
000002ab  UART3_IRQHandler              
20208000  __STACK_END                   
00000200  __STACK_SIZE                  
00000000  __TI_ATRegion0_region_sz      
00000000  __TI_ATRegion0_src_addr       
00000000  __TI_ATRegion0_trg_addr       
00000000  __TI_ATRegion1_region_sz      
00000000  __TI_ATRegion1_src_addr       
00000000  __TI_ATRegion1_trg_addr       
00000000  __TI_ATRegion2_region_sz      
00000000  __TI_ATRegion2_src_addr       
00000000  __TI_ATRegion2_trg_addr       
000002fc  __TI_CINIT_Base               
00000304  __TI_CINIT_Limit              
00000304  __TI_CINIT_Warm               
000002f4  __TI_Handler_Table_Base       
000002fc  __TI_Handler_Table_Limit      
000001ad  __TI_auto_init_nobinit_nopinit
000000c1  __TI_decompress_lzss          
00000283  __TI_decompress_none          
ffffffff  __TI_pprof_out_hndl           
ffffffff  __TI_prof_data_size           
ffffffff  __TI_prof_data_start          
00000000  __TI_static_base__            
000002ad  __aeabi_memcpy                
000002ad  __aeabi_memcpy4               
000002ad  __aeabi_memcpy8               
ffffffff  __binit__                     
UNDEFED   __mpu_init                    
20207e00  __stack                       
20200000  __start___llvm_prf_bits       
20200000  __start___llvm_prf_cnts       
20200000  __stop___llvm_prf_bits        
20200000  __stop___llvm_prf_cnts        
00000249  _c_int00_noargs               
UNDEFED   _system_post_cinit            
000002c3  _system_pre_init              
000002b5  abort                         
ffffffff  binit                         
000002a1  delay_cycles                  
20200000  inner_leds                    
00000000  interruptVectors              
0000021d  main                          
20200060  outer_index                   
20200030  outer_leds                    


GLOBAL SYMBOLS: SORTED BY Symbol Address 

address   name                          
-------   ----                          
00000000  __TI_ATRegion0_region_sz      
00000000  __TI_ATRegion0_src_addr       
00000000  __TI_ATRegion0_trg_addr       
00000000  __TI_ATRegion1_region_sz      
00000000  __TI_ATRegion1_src_addr       
00000000  __TI_ATRegion1_trg_addr       
00000000  __TI_ATRegion2_region_sz      
00000000  __TI_ATRegion2_src_addr       
00000000  __TI_ATRegion2_trg_addr       
00000000  __TI_static_base__            
00000000  interruptVectors              
000000c1  __TI_decompress_lzss          
0000013d  InitializeGPIO                
000001ad  __TI_auto_init_nobinit_nopinit
000001e9  GetStateOutputGPIOA           
00000200  __STACK_SIZE                  
0000021d  main                          
00000249  _c_int00_noargs               
00000271  TI_memcpy_small               
00000283  __TI_decompress_none          
00000295  GetNextState                  
000002a1  delay_cycles                  
000002ab  ADC0_IRQHandler               
000002ab  ADC1_IRQHandler               
000002ab  AES_IRQHandler                
000002ab  CANFD0_IRQHandler             
000002ab  DAC0_IRQHandler               
000002ab  DMA_IRQHandler                
000002ab  Default_Handler               
000002ab  GROUP0_IRQHandler             
000002ab  GROUP1_IRQHandler             
000002ab  HardFault_Handler             
000002ab  I2C0_IRQHandler               
000002ab  I2C1_IRQHandler               
000002ab  NMI_Handler                   
000002ab  PendSV_Handler                
000002ab  RTC_IRQHandler                
000002ab  SPI0_IRQHandler               
000002ab  SPI1_IRQHandler               
000002ab  SVC_Handler                   
000002ab  SysTick_Handler               
000002ab  TIMA0_IRQHandler              
000002ab  TIMA1_IRQHandler              
000002ab  TIMG0_IRQHandler              
000002ab  TIMG12_IRQHandler             
000002ab  TIMG6_IRQHandler              
000002ab  TIMG7_IRQHandler              
000002ab  TIMG8_IRQHandler              
000002ab  UART0_IRQHandler              
000002ab  UART1_IRQHandler              
000002ab  UART2_IRQHandler              
000002ab  UART3_IRQHandler              
000002ad  __aeabi_memcpy                
000002ad  __aeabi_memcpy4               
000002ad  __aeabi_memcpy8               
000002b5  abort                         
000002ba  C$$EXIT                       
000002bb  HOSTexit                      
000002bf  Reset_Handler                 
000002c3  _system_pre_init              
000002f4  __TI_Handler_Table_Base       
000002fc  __TI_CINIT_Base               
000002fc  __TI_Handler_Table_Limit      
00000304  __TI_CINIT_Limit              
00000304  __TI_CINIT_Warm               
20200000  __start___llvm_prf_bits       
20200000  __start___llvm_prf_cnts       
20200000  __stop___llvm_prf_bits        
20200000  __stop___llvm_prf_cnts        
20200000  inner_leds                    
20200030  outer_leds                    
20200060  outer_index                   
20207e00  __stack                       
20208000  __STACK_END                   
ffffffff  __TI_pprof_out_hndl           
ffffffff  __TI_prof_data_size           
ffffffff  __TI_prof_data_start          
ffffffff  __binit__                     
ffffffff  binit                         
UNDEFED   __mpu_init                    
UNDEFED   _system_post_cinit            

[81 symbols]
