******************************************************************************
            TI ARM Clang Linker Unix v4.0.4                    
******************************************************************************
>> Linked Fri Feb 20 15:44:31 2026

OUTPUT FILE NAME:   <Lab1.out>
ENTRY POINT SYMBOL: "_c_int00_noinit_noargs"  address: 00000125


MEMORY CONFIGURATION

         name            origin    length      used     unused   attr    fill
----------------------  --------  ---------  --------  --------  ----  --------
  FLASH                 00000000   00020000  00000188  0001fe78  R  X
  SRAM                  20200000   00008000  00000200  00007e00  RW X
  BCR_CONFIG            41c00000   00000080  00000000  00000080  R   
  BSL_CONFIG            41c00100   00000080  00000000  00000080  R   


SEGMENT ALLOCATION MAP

run origin  load origin   length   init length attrs members
----------  ----------- ---------- ----------- ----- -------
00000000    00000000    00000188   00000188    r-x
  00000000    00000000    000000c0   000000c0    r-- .intvecs
  000000c0    000000c0    000000c8   000000c8    r-x .text
20207e00    20207e00    00000200   00000000    rw-
  20207e00    20207e00    00000200   00000000    rw- .stack


SECTION ALLOCATION MAP

 output                                  attributes/
section   page    origin      length       input sections
--------  ----  ----------  ----------   ----------------
.intvecs   0    00000000    000000c0     
                  00000000    000000c0     startup_mspm0g350x_ticlang.o (.intvecs)

.text      0    000000c0    000000c8     
                  000000c0    00000038     initialize_leds.o (.text.InitializeGPIO)
                  000000f8    0000002c     lab1.o (.text.main)
                  00000124    00000020     libc.a : boot_cortex_m.c.obj (.text:_c_int00_noinit_noargs)
                  00000144    00000012     state_machine_logic.o (.text.GetNextState)
                  00000156    0000000e     state_machine_logic.o (.text.GetStateOutputGPIOA)
                  00000164    0000000a     delay.o (.text.delay_cycles)
                  0000016e    00000006     libc.a : exit.c.obj (.text:abort)
                  00000174    00000004     libsysbm.a : hostexit.c.obj (.text.HOSTexit)
                  00000178    00000004     startup_mspm0g350x_ticlang.o (.text.Reset_Handler)
                  0000017c    00000004     libc.a : pre_init.c.obj (.text._system_pre_init)
                  00000180    00000002     startup_mspm0g350x_ticlang.o (.text.Default_Handler)
                  00000182    00000006     --HOLE-- [fill = 0]

.cinit     0    00000000    00000000     

.init_array 
*          0    00000000    00000000     UNINITIALIZED

.binit     0    00000000    00000000     

.stack     0    20207e00    00000200     UNINITIALIZED
                  20207e00    00000004     libc.a : boot_cortex_m.c.obj (.stack)
                  20207e04    000001fc     --HOLE--

__llvm_prf_cnts 
*          0    20200000    00000000     UNINITIALIZED

__llvm_prf_bits 
*          0    20200000    00000000     UNINITIALIZED

MODULE SUMMARY

       Module                         code   ro data   rw data
       ------                         ----   -------   -------
    ./
       startup_mspm0g350x_ticlang.o   6      192       0      
       initialize_leds.o              56     0         0      
       lab1.o                         44     0         0      
       state_machine_logic.o          32     0         0      
       delay.o                        10     0         0      
    +--+------------------------------+------+---------+---------+
       Total:                         148    192       0      
                                                              
    /Applications/ti/ccs2040/ccs/tools/compiler/ti-cgt-armllvm_4.0.4.LTS/lib/armv6m-ti-none-eabi/c/libc.a
       boot_cortex_m.c.obj            32     0         0      
       exit.c.obj                     6      0         0      
       pre_init.c.obj                 4      0         0      
    +--+------------------------------+------+---------+---------+
       Total:                         42     0         0      
                                                              
    /Applications/ti/ccs2040/ccs/tools/compiler/ti-cgt-armllvm_4.0.4.LTS/lib/armv6m-ti-none-eabi/c/libsysbm.a
       hostexit.c.obj                 4      0         0      
    +--+------------------------------+------+---------+---------+
       Total:                         4      0         0      
                                                              
       Stack:                         0      0         512    
    +--+------------------------------+------+---------+---------+
       Grand Total:                   194    192       512    


GLOBAL SYMBOLS: SORTED ALPHABETICALLY BY Name 

address   name                    
-------   ----                    
00000181  ADC0_IRQHandler         
00000181  ADC1_IRQHandler         
00000181  AES_IRQHandler          
00000174  C$$EXIT                 
00000181  CANFD0_IRQHandler       
00000181  DAC0_IRQHandler         
00000181  DMA_IRQHandler          
00000181  Default_Handler         
00000181  GROUP0_IRQHandler       
00000181  GROUP1_IRQHandler       
00000145  GetNextState            
00000157  GetStateOutputGPIOA     
00000175  HOSTexit                
00000181  HardFault_Handler       
00000181  I2C0_IRQHandler         
00000181  I2C1_IRQHandler         
000000c1  InitializeGPIO          
00000181  NMI_Handler             
00000181  PendSV_Handler          
00000181  RTC_IRQHandler          
00000179  Reset_Handler           
00000181  SPI0_IRQHandler         
00000181  SPI1_IRQHandler         
00000181  SVC_Handler             
00000181  SysTick_Handler         
00000181  TIMA0_IRQHandler        
00000181  TIMA1_IRQHandler        
00000181  TIMG0_IRQHandler        
00000181  TIMG12_IRQHandler       
00000181  TIMG6_IRQHandler        
00000181  TIMG7_IRQHandler        
00000181  TIMG8_IRQHandler        
00000181  UART0_IRQHandler        
00000181  UART1_IRQHandler        
00000181  UART2_IRQHandler        
00000181  UART3_IRQHandler        
20208000  __STACK_END             
00000200  __STACK_SIZE            
00000000  __TI_ATRegion0_region_sz
00000000  __TI_ATRegion0_src_addr 
00000000  __TI_ATRegion0_trg_addr 
00000000  __TI_ATRegion1_region_sz
00000000  __TI_ATRegion1_src_addr 
00000000  __TI_ATRegion1_trg_addr 
00000000  __TI_ATRegion2_region_sz
00000000  __TI_ATRegion2_src_addr 
00000000  __TI_ATRegion2_trg_addr 
00000000  __TI_CINIT_Base         
00000000  __TI_CINIT_Limit        
00000000  __TI_CINIT_Warm         
ffffffff  __TI_pprof_out_hndl     
ffffffff  __TI_prof_data_size     
ffffffff  __TI_prof_data_start    
00000000  __TI_static_base__      
ffffffff  __binit__               
UNDEFED   __mpu_init              
20207e00  __stack                 
20200000  __start___llvm_prf_bits 
20200000  __start___llvm_prf_cnts 
20200000  __stop___llvm_prf_bits  
20200000  __stop___llvm_prf_cnts  
00000125  _c_int00_noinit_noargs  
0000017d  _system_pre_init        
0000016f  abort                   
ffffffff  binit                   
00000165  delay_cycles            
00000000  interruptVectors        
000000f9  main                    


GLOBAL SYMBOLS: SORTED BY Symbol Address 

address   name                    
-------   ----                    
00000000  __TI_ATRegion0_region_sz
00000000  __TI_ATRegion0_src_addr 
00000000  __TI_ATRegion0_trg_addr 
00000000  __TI_ATRegion1_region_sz
00000000  __TI_ATRegion1_src_addr 
00000000  __TI_ATRegion1_trg_addr 
00000000  __TI_ATRegion2_region_sz
00000000  __TI_ATRegion2_src_addr 
00000000  __TI_ATRegion2_trg_addr 
00000000  __TI_CINIT_Base         
00000000  __TI_CINIT_Limit        
00000000  __TI_CINIT_Warm         
00000000  __TI_static_base__      
00000000  interruptVectors        
000000c1  InitializeGPIO          
000000f9  main                    
00000125  _c_int00_noinit_noargs  
00000145  GetNextState            
00000157  GetStateOutputGPIOA     
00000165  delay_cycles            
0000016f  abort                   
00000174  C$$EXIT                 
00000175  HOSTexit                
00000179  Reset_Handler           
0000017d  _system_pre_init        
00000181  ADC0_IRQHandler         
00000181  ADC1_IRQHandler         
00000181  AES_IRQHandler          
00000181  CANFD0_IRQHandler       
00000181  DAC0_IRQHandler         
00000181  DMA_IRQHandler          
00000181  Default_Handler         
00000181  GROUP0_IRQHandler       
00000181  GROUP1_IRQHandler       
00000181  HardFault_Handler       
00000181  I2C0_IRQHandler         
00000181  I2C1_IRQHandler         
00000181  NMI_Handler             
00000181  PendSV_Handler          
00000181  RTC_IRQHandler          
00000181  SPI0_IRQHandler         
00000181  SPI1_IRQHandler         
00000181  SVC_Handler             
00000181  SysTick_Handler         
00000181  TIMA0_IRQHandler        
00000181  TIMA1_IRQHandler        
00000181  TIMG0_IRQHandler        
00000181  TIMG12_IRQHandler       
00000181  TIMG6_IRQHandler        
00000181  TIMG7_IRQHandler        
00000181  TIMG8_IRQHandler        
00000181  UART0_IRQHandler        
00000181  UART1_IRQHandler        
00000181  UART2_IRQHandler        
00000181  UART3_IRQHandler        
00000200  __STACK_SIZE            
20200000  __start___llvm_prf_bits 
20200000  __start___llvm_prf_cnts 
20200000  __stop___llvm_prf_bits  
20200000  __stop___llvm_prf_cnts  
20207e00  __stack                 
20208000  __STACK_END             
ffffffff  __TI_pprof_out_hndl     
ffffffff  __TI_prof_data_size     
ffffffff  __TI_prof_data_start    
ffffffff  __binit__               
ffffffff  binit                   
UNDEFED   __mpu_init              

[68 symbols]
